
> project@0.0.1 dev
> vite dev --host 127.0.0.1

1:23:09 PM [vite-plugin-svelte] The following packages have a svelte field in their package.json but no exports condition for svelte.

radix-icons-svelte@1.2.1

Please see https://github.com/sveltejs/vite-plugin-svelte/blob/main/docs/faq.md#missing-exports-condition for details.

  VITE v8.0.16  ready in 1145 ms

  ➜  Local:   http://127.0.0.1:5173/
1:56:38 PM [vite] (ssr) page reload src/lib/store/appState.ts
1:58:02 PM [vite] (ssr) page reload src/lib/components/app/Header.svelte
1:58:49 PM [vite] (ssr) page reload src/lib/components/app/Header.svelte
1:58:57 PM [vite] (ssr) page reload src/lib/components/app/GanttView.svelte
1:59:46 PM [vite] (ssr) page reload .svelte-kit/generated/shared/error-template.js
1:59:46 PM [vite] (ssr) page reload .svelte-kit/generated/server/internal.js
1:59:46 PM [vite] (ssr) page reload .svelte-kit/generated/root.svelte
1:59:46 PM [vite] (ssr) page reload .svelte-kit/generated/root.js
2:00:00 PM [vite] (ssr) page reload .svelte-kit/generated/shared/error-template.js
2:00:00 PM [vite] (ssr) page reload .svelte-kit/generated/server/internal.js
2:00:00 PM [vite] (ssr) page reload .svelte-kit/generated/root.svelte
2:00:00 PM [vite] (ssr) page reload .svelte-kit/generated/root.js
2:00:11 PM [vite] (ssr) page reload .svelte-kit/generated/shared/error-template.js
2:00:11 PM [vite] (ssr) page reload .svelte-kit/generated/server/internal.js
2:00:11 PM [vite] (ssr) page reload .svelte-kit/generated/root.svelte
2:00:11 PM [vite] (ssr) page reload .svelte-kit/generated/root.js
2:00:11 PM [vite] (client) page reload build/index.html
